NV
OOOOOOOO
OOOOOOOO
OOOOOOOO
OOOOOOOO
OOOOOOOO
POOOOOOO
OPPPPPPP
TCNDRNCT

TCNDRNCT
PPPPPPPP
OOOOOOOO
OOOOOOOO
OOOOOOOO
OOOOOOOO
OOOOOOOO
OOOOOOOO