OOOOOOOO
OOOOOOOO
OOOOOOOO
OOOOOOOO
OOOOOOOO
OOCOOOOO
PPPPPPPP
TONDRNCT

TCNDRNCT
PPPOPPPP
OOOOOOOO
OOOPOOOO
OOOOOOOO
OOOOOOOO
OOOOOOOO
OOOOOOOO

OOOOOOOO
OOOOOOOO
OOOOOOOO
OOOCOOOO
OOOOOOOO
OOOOOOOO
PPPPPPPP
TONDRNCT

TCNDRNCT
PPPOPPPP
OOOOOOOO
OOOOOOOO
OOOOOOOO
OOOOOOOO
OOOOOOOO
OOOOOOOO
