NV
OOOOOOOO
OOOOOOOO
OOOOOOOO
DOOOOOOO
OOOOOOOO
OOOOPOOO
PPPPOPPP
TCNORNCT

TCNDRNCT
OPPPPPPO
OOOOOOOO
OOOOOOOO
OOOOOOOO
OOOOOOOO
OOOOOOOO
OOOOOOOO
