OOOOOOOO
OOOOOOOO
OOOOOOOO
OOOOOONO
OOOPOOOO
OOOOOOOO
PPPOPPPP
TCODRNCT

TCNDRNCT
PPPPPPPO
OOOOOOOP
OOOOOOOO
OOOOOOOO
OOOOOOOO
OOOOOOOO
OOOOOOOO

OOOOOOOO
OOOOOOOO
OOOOOOOO
OOOOOOOO
OOOPOOON
OOOOOOOO
PPPOPPPP
TCODRNCT

TCNDRNCT
PPPPPOPO
OOOOOPOP
OOOOOOOO
OOOOOOOO
OOOOOOOO
OOOOOOOO
OOOOOOOO

OOOOOOOO
OOOOOOOO
OOOOOOOO
OOOOOONO
OOOPOOOO
OOOOOOOO
PPPOPPPP
TCODRNCT

TCNDRNCT
OPPPPOOO
POOOOPOP
OOOOOOOO
OOOOOOOO
OOOOOOOO
OOOOOOOO
OOOOOOOO

