OOOOOOOO
OOOOOOOO
OOOOOOOO
OOOOOOOO
POOOOOOO
OOOOOOOO
OPPPPPPP
TCNDRNCT

TCNDRNCT
PPPPPPPO
OOOOOOOP
OOOOOOOO
OOOOOOOO
OOOOOOOO
OOOOOOOO
OOOOOOOO