NV
OOOOOOOO
OOOOOOOO
OOOOOOOO
OOOOOOOO
OOOOOOOO
PPOOOOOO
OOPPPPPP
TCNDRNCT

TCNDRNCT
PPPPPPPO
OOOOOOOP
OOOOOOOO
OOOOOOOO
OOOOOOOO
OOOOOOOO
OOOOOOOO