NV
OOOOOOOO
OOOOOOOO
OOOOOOOO
OOOOOOOO
OOOOOOOO
OPOOOOOO
POPPPPPP
TCNDRNCT

TCNDRNCT
PPPPPPPP
OOOOOOOO
OOOOOOOO
OOOOOOOO
OOOOOOOO
OOOOOOOO
OOOOOOOO