OOOOOOOO
OOOOOOOO
OOOOOOOO
OPOOOOOO
OOOOOOOO
OOOOOOOO
OPPPPPPP
TCNDRNCT

TCNDRNCT
POPPPPPP
OOOOOOOO
OOOOOOOO
OOOOOOOO
OOOOOOOO
OOOOOOOO
OOOOOOOO
