OOOOOOOO
OOOOOOOO
OOOOOOOO
OOOOOOOO
OOOOOOOP
OOOOOOOO
OPPPPPPO
TCNDRNCT

TCNDRNCT
POPPPPPP
OOOOOOOO
OOOOOOOO
POOOOOOO
OOOOOOOO
OOOOOOOO
OOOOOOOO

NV
OOOOOOOO
OOOOOOOO
OOOOOOOO
OOOOOOOO
OOOTOOOP
OOOOOOOO
OPPPPPPO
OCNDRNCT

TCNDRNCT
POPOPPPP
OOOOOOOO
OOOOOOOO
OOOOOOOO
OOOOOOOO
OOOOOOOO
OOOOOOOO
