NV
OOOOOOOO
OOOOOOOO
OOOOOOOO
OOOOOOOO
OOOOOOOO
POOOOOOO
OPPPPPPP
TCNDRNCT

TCNDRNCT
PPPPPPPO
OOOOOOOP
OOOOOOOO
OOOOOOOO
OOOOOOOO
OOOOOOOO
OOOOOOOO